// Jest Snapshot v1, https://goo.gl/fbAQLP

exports[`macros 1. macros: 1. macros 1`] = `
"
const inspect = require('./inspect.macro');

inspect(1 + 1 * 5, func(14));

      ↓ ↓ ↓ ↓ ↓ ↓

console.log('1 + 1 * 5: ', function () {
  try {
    return 1 + 1 * 5;
  } catch (e) {
    return '(an error occurred)';
  }
}(), 'func(14): ', function () {
  try {
    return func(14);
  } catch (e) {
    return '(an error occurred)';
  }
}());
"
`;
